Archive member included to satisfy reference by file (symbol)

/Applications/STM32CubeIDE.app/Contents/Eclipse/plugins/com.st.stm32cube.ide.mcu.externaltools.gnu-tools-for-stm32.10.3-2021.10.macos64_1.0.0.202111181127/tools/bin/../lib/gcc/arm-none-eabi/10.3.1/../../../../arm-none-eabi/lib/thumb/v7e-m+fp/hard/libc_nano.a(lib_a-errno.o)
                              ./Core/Src/syscalls.o (__errno)
/Applications/STM32CubeIDE.app/Contents/Eclipse/plugins/com.st.stm32cube.ide.mcu.externaltools.gnu-tools-for-stm32.10.3-2021.10.macos64_1.0.0.202111181127/tools/bin/../lib/gcc/arm-none-eabi/10.3.1/../../../../arm-none-eabi/lib/thumb/v7e-m+fp/hard/libc_nano.a(lib_a-exit.o)
                              /Applications/STM32CubeIDE.app/Contents/Eclipse/plugins/com.st.stm32cube.ide.mcu.externaltools.gnu-tools-for-stm32.10.3-2021.10.macos64_1.0.0.202111181127/tools/bin/../lib/gcc/arm-none-eabi/10.3.1/../../../../arm-none-eabi/lib/thumb/v7e-m+fp/hard/crt0.o (exit)
/Applications/STM32CubeIDE.app/Contents/Eclipse/plugins/com.st.stm32cube.ide.mcu.externaltools.gnu-tools-for-stm32.10.3-2021.10.macos64_1.0.0.202111181127/tools/bin/../lib/gcc/arm-none-eabi/10.3.1/../../../../arm-none-eabi/lib/thumb/v7e-m+fp/hard/libc_nano.a(lib_a-impure.o)
                              /Applications/STM32CubeIDE.app/Contents/Eclipse/plugins/com.st.stm32cube.ide.mcu.externaltools.gnu-tools-for-stm32.10.3-2021.10.macos64_1.0.0.202111181127/tools/bin/../lib/gcc/arm-none-eabi/10.3.1/../../../../arm-none-eabi/lib/thumb/v7e-m+fp/hard/libc_nano.a(lib_a-exit.o) (_global_impure_ptr)
/Applications/STM32CubeIDE.app/Contents/Eclipse/plugins/com.st.stm32cube.ide.mcu.externaltools.gnu-tools-for-stm32.10.3-2021.10.macos64_1.0.0.202111181127/tools/bin/../lib/gcc/arm-none-eabi/10.3.1/../../../../arm-none-eabi/lib/thumb/v7e-m+fp/hard/libc_nano.a(lib_a-init.o)
                              /Applications/STM32CubeIDE.app/Contents/Eclipse/plugins/com.st.stm32cube.ide.mcu.externaltools.gnu-tools-for-stm32.10.3-2021.10.macos64_1.0.0.202111181127/tools/bin/../lib/gcc/arm-none-eabi/10.3.1/../../../../arm-none-eabi/lib/thumb/v7e-m+fp/hard/crt0.o (__libc_init_array)
/Applications/STM32CubeIDE.app/Contents/Eclipse/plugins/com.st.stm32cube.ide.mcu.externaltools.gnu-tools-for-stm32.10.3-2021.10.macos64_1.0.0.202111181127/tools/bin/../lib/gcc/arm-none-eabi/10.3.1/../../../../arm-none-eabi/lib/thumb/v7e-m+fp/hard/libc_nano.a(lib_a-memset.o)
                              /Applications/STM32CubeIDE.app/Contents/Eclipse/plugins/com.st.stm32cube.ide.mcu.externaltools.gnu-tools-for-stm32.10.3-2021.10.macos64_1.0.0.202111181127/tools/bin/../lib/gcc/arm-none-eabi/10.3.1/../../../../arm-none-eabi/lib/thumb/v7e-m+fp/hard/crt0.o (memset)
/Applications/STM32CubeIDE.app/Contents/Eclipse/plugins/com.st.stm32cube.ide.mcu.externaltools.gnu-tools-for-stm32.10.3-2021.10.macos64_1.0.0.202111181127/tools/bin/../lib/gcc/arm-none-eabi/10.3.1/../../../../arm-none-eabi/lib/thumb/v7e-m+fp/hard/libc_nano.a(lib_a-strlen.o)
                              ./Core/Src/LCD.o (strlen)
/Applications/STM32CubeIDE.app/Contents/Eclipse/plugins/com.st.stm32cube.ide.mcu.externaltools.gnu-tools-for-stm32.10.3-2021.10.macos64_1.0.0.202111181127/tools/bin/../lib/gcc/arm-none-eabi/10.3.1/thumb/v7e-m+fp/hard/libgcc.a(_aeabi_ldivmod.o)
                              ./Core/Src/bmp280.o (__aeabi_ldivmod)
/Applications/STM32CubeIDE.app/Contents/Eclipse/plugins/com.st.stm32cube.ide.mcu.externaltools.gnu-tools-for-stm32.10.3-2021.10.macos64_1.0.0.202111181127/tools/bin/../lib/gcc/arm-none-eabi/10.3.1/thumb/v7e-m+fp/hard/libgcc.a(_aeabi_uldivmod.o)
                              ./Core/Src/LoRa.o (__aeabi_uldivmod)
/Applications/STM32CubeIDE.app/Contents/Eclipse/plugins/com.st.stm32cube.ide.mcu.externaltools.gnu-tools-for-stm32.10.3-2021.10.macos64_1.0.0.202111181127/tools/bin/../lib/gcc/arm-none-eabi/10.3.1/thumb/v7e-m+fp/hard/libgcc.a(_udivmoddi4.o)
                              /Applications/STM32CubeIDE.app/Contents/Eclipse/plugins/com.st.stm32cube.ide.mcu.externaltools.gnu-tools-for-stm32.10.3-2021.10.macos64_1.0.0.202111181127/tools/bin/../lib/gcc/arm-none-eabi/10.3.1/thumb/v7e-m+fp/hard/libgcc.a(_aeabi_ldivmod.o) (__udivmoddi4)
/Applications/STM32CubeIDE.app/Contents/Eclipse/plugins/com.st.stm32cube.ide.mcu.externaltools.gnu-tools-for-stm32.10.3-2021.10.macos64_1.0.0.202111181127/tools/bin/../lib/gcc/arm-none-eabi/10.3.1/thumb/v7e-m+fp/hard/libgcc.a(_dvmd_tls.o)
                              /Applications/STM32CubeIDE.app/Contents/Eclipse/plugins/com.st.stm32cube.ide.mcu.externaltools.gnu-tools-for-stm32.10.3-2021.10.macos64_1.0.0.202111181127/tools/bin/../lib/gcc/arm-none-eabi/10.3.1/thumb/v7e-m+fp/hard/libgcc.a(_aeabi_ldivmod.o) (__aeabi_ldiv0)

Discarded input sections

[...]
Memory Configuration

Name             Origin             Length             Attributes
RAM              0x0000000020000000 0x0000000000028000 xrw
RAM2             0x0000000010000000 0x0000000000008000 xrw
FLASH            0x0000000008000000 0x0000000000080000 xr
*default*        0x0000000000000000 0xffffffffffffffff

Linker script and memory map

LOAD /Applications/STM32CubeIDE.app/Contents/Eclipse/plugins/com.st.stm32cube.ide.mcu.externaltools.gnu-tools-for-stm32.10.3-2021.10.macos64_1.0.0.202111181127/tools/bin/../lib/gcc/arm-none-eabi/10.3.1/thumb/v7e-m+fp/hard/crti.o
LOAD /Applications/STM32CubeIDE.app/Contents/Eclipse/plugins/com.st.stm32cube.ide.mcu.externaltools.gnu-tools-for-stm32.10.3-2021.10.macos64_1.0.0.202111181127/tools/bin/../lib/gcc/arm-none-eabi/10.3.1/thumb/v7e-m+fp/hard/crtbegin.o
LOAD /Applications/STM32CubeIDE.app/Contents/Eclipse/plugins/com.st.stm32cube.ide.mcu.externaltools.gnu-tools-for-stm32.10.3-2021.10.macos64_1.0.0.202111181127/tools/bin/../lib/gcc/arm-none-eabi/10.3.1/../../../../arm-none-eabi/lib/thumb/v7e-m+fp/hard/crt0.o
LOAD ./Core/Src/LCD.o
LOAD ./Core/Src/LoRa.o
LOAD ./Core/Src/bmp280.o
LOAD ./Core/Src/gpio.o
LOAD ./Core/Src/i2c.o
LOAD ./Core/Src/main.o
LOAD ./Core/Src/relay.o
LOAD ./Core/Src/spi.o
LOAD ./Core/Src/stm32l4xx_hal_msp.o
LOAD ./Core/Src/stm32l4xx_it.o
LOAD ./Core/Src/syscalls.o
LOAD ./Core/Src/sysinit.o
LOAD ./Core/Src/sysmem.o
LOAD ./Core/Src/system_stm32l4xx.o
LOAD ./Core/Startup/startup_stm32l452retx.o
LOAD ./Drivers/STM32L4xx_HAL_Driver/Src/stm32l4xx_hal.o
LOAD ./Drivers/STM32L4xx_HAL_Driver/Src/stm32l4xx_hal_cortex.o
LOAD ./Drivers/STM32L4xx_HAL_Driver/Src/stm32l4xx_hal_dma.o
LOAD ./Drivers/STM32L4xx_HAL_Driver/Src/stm32l4xx_hal_dma_ex.o
LOAD ./Drivers/STM32L4xx_HAL_Driver/Src/stm32l4xx_hal_exti.o
LOAD ./Drivers/STM32L4xx_HAL_Driver/Src/stm32l4xx_hal_flash.o
LOAD ./Drivers/STM32L4xx_HAL_Driver/Src/stm32l4xx_hal_flash_ex.o
LOAD ./Drivers/STM32L4xx_HAL_Driver/Src/stm32l4xx_hal_flash_ramfunc.o
LOAD ./Drivers/STM32L4xx_HAL_Driver/Src/stm32l4xx_hal_gpio.o
LOAD ./Drivers/STM32L4xx_HAL_Driver/Src/stm32l4xx_hal_i2c.o
LOAD ./Drivers/STM32L4xx_HAL_Driver/Src/stm32l4xx_hal_i2c_ex.o
LOAD ./Drivers/STM32L4xx_HAL_Driver/Src/stm32l4xx_hal_pwr.o
LOAD ./Drivers/STM32L4xx_HAL_Driver/Src/stm32l4xx_hal_pwr_ex.o
LOAD ./Drivers/STM32L4xx_HAL_Driver/Src/stm32l4xx_hal_rcc.o
LOAD ./Drivers/STM32L4xx_HAL_Driver/Src/stm32l4xx_hal_rcc_ex.o
LOAD ./Drivers/STM32L4xx_HAL_Driver/Src/stm32l4xx_hal_spi.o
LOAD ./Drivers/STM32L4xx_HAL_Driver/Src/stm32l4xx_hal_spi_ex.o
LOAD ./Drivers/STM32L4xx_HAL_Driver/Src/stm32l4xx_hal_tim.o
LOAD ./Drivers/STM32L4xx_HAL_Driver/Src/stm32l4xx_hal_tim_ex.o
START GROUP
LOAD /Applications/STM32CubeIDE.app/Contents/Eclipse/plugins/com.st.stm32cube.ide.mcu.externaltools.gnu-tools-for-stm32.10.3-2021.10.macos64_1.0.0.202111181127/tools/bin/../lib/gcc/arm-none-eabi/10.3.1/../../../../arm-none-eabi/lib/thumb/v7e-m+fp/hard/libc_nano.a
LOAD /Applications/STM32CubeIDE.app/Contents/Eclipse/plugins/com.st.stm32cube.ide.mcu.externaltools.gnu-tools-for-stm32.10.3-2021.10.macos64_1.0.0.202111181127/tools/bin/../lib/gcc/arm-none-eabi/10.3.1/../../../../arm-none-eabi/lib/thumb/v7e-m+fp/hard/libm.a
END GROUP
START GROUP
LOAD /Applications/STM32CubeIDE.app/Contents/Eclipse/plugins/com.st.stm32cube.ide.mcu.externaltools.gnu-tools-for-stm32.10.3-2021.10.macos64_1.0.0.202111181127/tools/bin/../lib/gcc/arm-none-eabi/10.3.1/thumb/v7e-m+fp/hard/libgcc.a
LOAD /Applications/STM32CubeIDE.app/Contents/Eclipse/plugins/com.st.stm32cube.ide.mcu.externaltools.gnu-tools-for-stm32.10.3-2021.10.macos64_1.0.0.202111181127/tools/bin/../lib/gcc/arm-none-eabi/10.3.1/../../../../arm-none-eabi/lib/thumb/v7e-m+fp/hard/libc_nano.a
END GROUP
START GROUP
LOAD /Applications/STM32CubeIDE.app/Contents/Eclipse/plugins/com.st.stm32cube.ide.mcu.externaltools.gnu-tools-for-stm32.10.3-2021.10.macos64_1.0.0.202111181127/tools/bin/../lib/gcc/arm-none-eabi/10.3.1/thumb/v7e-m+fp/hard/libgcc.a
LOAD /Applications/STM32CubeIDE.app/Contents/Eclipse/plugins/com.st.stm32cube.ide.mcu.externaltools.gnu-tools-for-stm32.10.3-2021.10.macos64_1.0.0.202111181127/tools/bin/../lib/gcc/arm-none-eabi/10.3.1/../../../../arm-none-eabi/lib/thumb/v7e-m+fp/hard/libc_nano.a
LOAD /Applications/STM32CubeIDE.app/Contents/Eclipse/plugins/com.st.stm32cube.ide.mcu.externaltools.gnu-tools-for-stm32.10.3-2021.10.macos64_1.0.0.202111181127/tools/bin/../lib/gcc/arm-none-eabi/10.3.1/../../../../arm-none-eabi/lib/thumb/v7e-m+fp/hard/libnosys.a
END GROUP
START GROUP
LOAD /Applications/STM32CubeIDE.app/Contents/Eclipse/plugins/com.st.stm32cube.ide.mcu.externaltools.gnu-tools-for-stm32.10.3-2021.10.macos64_1.0.0.202111181127/tools/bin/../lib/gcc/arm-none-eabi/10.3.1/thumb/v7e-m+fp/hard/libgcc.a
LOAD /Applications/STM32CubeIDE.app/Contents/Eclipse/plugins/com.st.stm32cube.ide.mcu.externaltools.gnu-tools-for-stm32.10.3-2021.10.macos64_1.0.0.202111181127/tools/bin/../lib/gcc/arm-none-eabi/10.3.1/../../../../arm-none-eabi/lib/thumb/v7e-m+fp/hard/libc_nano.a
LOAD /Applications/STM32CubeIDE.app/Contents/Eclipse/plugins/com.st.stm32cube.ide.mcu.externaltools.gnu-tools-for-stm32.10.3-2021.10.macos64_1.0.0.202111181127/tools/bin/../lib/gcc/arm-none-eabi/10.3.1/../../../../arm-none-eabi/lib/thumb/v7e-m+fp/hard/libnosys.a
END GROUP
LOAD /Applications/STM32CubeIDE.app/Contents/Eclipse/plugins/com.st.stm32cube.ide.mcu.externaltools.gnu-tools-for-stm32.10.3-2021.10.macos64_1.0.0.202111181127/tools/bin/../lib/gcc/arm-none-eabi/10.3.1/thumb/v7e-m+fp/hard/crtend.o
LOAD /Applications/STM32CubeIDE.app/Contents/Eclipse/plugins/com.st.stm32cube.ide.mcu.externaltools.gnu-tools-for-stm32.10.3-2021.10.macos64_1.0.0.202111181127/tools/bin/../lib/gcc/arm-none-eabi/10.3.1/thumb/v7e-m+fp/hard/crtn.o
                0x0000000020028000                _estack = (ORIGIN (RAM) + LENGTH (RAM))
                0x0000000000000200                _Min_Heap_Size = 0x200
                0x0000000000000400                _Min_Stack_Size = 0x400

.isr_vector     0x0000000008000000      0x194
                0x0000000008000000                . = ALIGN (0x4)
 *(.isr_vector)
 .isr_vector    0x0000000008000000      0x194 ./Core/Startup/startup_stm32l452retx.o
                0x0000000008000000                g_pfnVectors
                0x0000000008000194                . = ALIGN (0x4)

.text           0x0000000008000198     0x445c
                0x0000000008000198                . = ALIGN (0x4)
 *(.text)
 .text          0x0000000008000198       0x40 /Applications/STM32CubeIDE.app/Contents/Eclipse/plugins/com.st.stm32cube.ide.mcu.externaltools.gnu-tools-for-stm32.10.3-2021.10.macos64_1.0.0.202111181127/tools/bin/../lib/gcc/arm-none-eabi/10.3.1/thumb/v7e-m+fp/hard/crtbegin.o
 .text          0x00000000080001d8       0x30 /Applications/STM32CubeIDE.app/Contents/Eclipse/plugins/com.st.stm32cube.ide.mcu.externaltools.gnu-tools-for-stm32.10.3-2021.10.macos64_1.0.0.202111181127/tools/bin/../lib/gcc/arm-none-eabi/10.3.1/thumb/v7e-m+fp/hard/libgcc.a(_aeabi_uldivmod.o)
                0x00000000080001d8                __aeabi_uldivmod
 .text          0x0000000008000208      0x2d0 /Applications/STM32CubeIDE.app/Contents/Eclipse/plugins/com.st.stm32cube.ide.mcu.externaltools.gnu-tools-for-stm32.10.3-2021.10.macos64_1.0.0.202111181127/tools/bin/../lib/gcc/arm-none-eabi/10.3.1/thumb/v7e-m+fp/hard/libgcc.a(_udivmoddi4.o)
                0x0000000008000208                __udivmoddi4
 .text          0x00000000080004d8        0x4 /Applications/STM32CubeIDE.app/Contents/Eclipse/plugins/com.st.stm32cube.ide.mcu.externaltools.gnu-tools-for-stm32.10.3-2021.10.macos64_1.0.0.202111181127/tools/bin/../lib/gcc/arm-none-eabi/10.3.1/thumb/v7e-m+fp/hard/libgcc.a(_dvmd_tls.o)
                0x00000000080004d8                __aeabi_ldiv0
                0x00000000080004d8                __aeabi_idiv0
 *(.text*)
 .text.lcd_send_cmd
                0x00000000080004dc       0x64 ./Core/Src/LCD.o
                0x00000000080004dc                lcd_send_cmd
 .text.lcd_init
                0x0000000008000540       0x7a ./Core/Src/LCD.o
                0x0000000008000540                lcd_init
 .text.Clear_LCD
                0x00000000080005ba       0x14 ./Core/Src/LCD.o
                0x00000000080005ba                Clear_LCD
 .text.read_register
                0x00000000080005ce       0x6e ./Core/Src/LoRa.o
 .text.write_register
                0x000000000800063c       0x68 ./Core/Src/LoRa.o
 .text.set_mode
                0x00000000080006a4       0x26 ./Core/Src/LoRa.o
 *fill*         0x00000000080006ca        0x2 
 .text.set_OCP  0x00000000080006cc       0x6c ./Core/Src/LoRa.o
 .text.set_low_data_rate_optimization
                0x0000000008000738       0x60 ./Core/Src/LoRa.o
 .text.lora_mode_sleep
                0x0000000008000798       0x18 ./Core/Src/LoRa.o
                0x0000000008000798                lora_mode_sleep
 .text.lora_mode_standby
                0x00000000080007b0       0x18 ./Core/Src/LoRa.o
                0x00000000080007b0                lora_mode_standby
 .text.lora_set_explicit_header_mode
                0x00000000080007c8       0x30 ./Core/Src/LoRa.o
                0x00000000080007c8                lora_set_explicit_header_mode
 .text.lora_set_tx_power
                0x00000000080007f8       0x98 ./Core/Src/LoRa.o
                0x00000000080007f8                lora_set_tx_power
 .text.lora_set_frequency
                0x0000000008000890       0x8c ./Core/Src/LoRa.o
                0x0000000008000890                lora_set_frequency
 .text.lora_set_spreading_factor
                0x000000000800091c       0x8e ./Core/Src/LoRa.o
                0x000000000800091c                lora_set_spreading_factor
 .text.lora_set_preamble_length
                0x00000000080009aa       0x3a ./Core/Src/LoRa.o
                0x00000000080009aa                lora_set_preamble_length
 .text.lora_version
                0x00000000080009e4       0x1a ./Core/Src/LoRa.o
                0x00000000080009e4                lora_version
 .text.lora_init
                0x00000000080009fe       0xc0 ./Core/Src/LoRa.o
                0x00000000080009fe                lora_init
 *fill*         0x0000000008000abe        0x2 
 .text.MX_GPIO_Init
                0x0000000008000ac0      0x170 ./Core/Src/gpio.o
                0x0000000008000ac0                MX_GPIO_Init
 .text.MX_I2C1_Init
                0x0000000008000c30       0x80 ./Core/Src/i2c.o
                0x0000000008000c30                MX_I2C1_Init
 .text.MX_I2C2_Init
                0x0000000008000cb0       0x80 ./Core/Src/i2c.o
                0x0000000008000cb0                MX_I2C2_Init
 .text.HAL_I2C_MspInit
                0x0000000008000d30      0x148 ./Core/Src/i2c.o
                0x0000000008000d30                HAL_I2C_MspInit
 .text.main     0x0000000008000e78       0x84 ./Core/Src/main.o
                0x0000000008000e78                main
 .text.SystemClock_Config
                0x0000000008000efc       0xa2 ./Core/Src/main.o
                0x0000000008000efc                SystemClock_Config
 .text.HAL_GPIO_EXTI_Callback
                0x0000000008000f9e       0x16 ./Core/Src/main.o
                0x0000000008000f9e                HAL_GPIO_EXTI_Callback
 .text.Error_Handler
                0x0000000008000fb4       0x2e ./Core/Src/main.o
                0x0000000008000fb4                Error_Handler
 *fill*         0x0000000008000fe2        0x2 
 .text.MX_SPI1_Init
                0x0000000008000fe4       0x7c ./Core/Src/spi.o
                0x0000000008000fe4                MX_SPI1_Init
 .text.HAL_SPI_MspInit
                0x0000000008001060       0x84 ./Core/Src/spi.o
                0x0000000008001060                HAL_SPI_MspInit
 .text.HAL_MspInit
                0x00000000080010e4       0x48 ./Core/Src/stm32l4xx_hal_msp.o
                0x00000000080010e4                HAL_MspInit
 .text.NMI_Handler
                0x000000000800112c        0x6 ./Core/Src/stm32l4xx_it.o
                0x000000000800112c                NMI_Handler
 .text.HardFault_Handler
                0x0000000008001132        0x6 ./Core/Src/stm32l4xx_it.o
                0x0000000008001132                HardFault_Handler
 .text.MemManage_Handler
                0x0000000008001138        0x6 ./Core/Src/stm32l4xx_it.o
                0x0000000008001138                MemManage_Handler
 .text.BusFault_Handler
                0x000000000800113e        0x6 ./Core/Src/stm32l4xx_it.o
                0x000000000800113e                BusFault_Handler
 .text.UsageFault_Handler
                0x0000000008001144        0x6 ./Core/Src/stm32l4xx_it.o
                0x0000000008001144                UsageFault_Handler
 .text.SVC_Handler
                0x000000000800114a        0xe ./Core/Src/stm32l4xx_it.o
                0x000000000800114a                SVC_Handler
 .text.DebugMon_Handler
                0x0000000008001158        0xe ./Core/Src/stm32l4xx_it.o
                0x0000000008001158                DebugMon_Handler
 .text.PendSV_Handler
                0x0000000008001166        0xe ./Core/Src/stm32l4xx_it.o
                0x0000000008001166                PendSV_Handler
 .text.SysTick_Handler
                0x0000000008001174        0xc ./Core/Src/stm32l4xx_it.o
                0x0000000008001174                SysTick_Handler
 .text.EXTI9_5_IRQHandler
                0x0000000008001180       0x1e ./Core/Src/stm32l4xx_it.o
                0x0000000008001180                EXTI9_5_IRQHandler
 *fill*         0x000000000800119e        0x2 
 .text.SystemInit
                0x00000000080011a0       0x24 ./Core/Src/system_stm32l4xx.o
                0x00000000080011a0                SystemInit
 .text.Reset_Handler
                0x00000000080011c4       0x50 ./Core/Startup/startup_stm32l452retx.o
                0x00000000080011c4                Reset_Handler
 .text.Default_Handler
                0x0000000008001214        0x2 ./Core/Startup/startup_stm32l452retx.o
                0x0000000008001214                TIM1_BRK_TIM15_IRQHandler
                0x0000000008001214                EXTI2_IRQHandler
                0x0000000008001214                TIM1_CC_IRQHandler
                0x0000000008001214                TSC_IRQHandler
                0x0000000008001214                TAMP_STAMP_IRQHandler
                0x0000000008001214                EXTI3_IRQHandler
                0x0000000008001214                LPTIM2_IRQHandler
                0x0000000008001214                DFSDM1_FLT1_IRQHandler
                0x0000000008001214                I2C3_ER_IRQHandler
                0x0000000008001214                EXTI0_IRQHandler
                0x0000000008001214                I2C2_EV_IRQHandler
                0x0000000008001214                CAN1_RX0_IRQHandler
                0x0000000008001214                FPU_IRQHandler
                0x0000000008001214                TIM1_UP_TIM16_IRQHandler
                0x0000000008001214                SPI1_IRQHandler
                0x0000000008001214                TIM6_DAC_IRQHandler
                0x0000000008001214                DMA2_Channel2_IRQHandler
                0x0000000008001214                DMA1_Channel4_IRQHandler
                0x0000000008001214                ADC1_IRQHandler
                0x0000000008001214                USART3_IRQHandler
                0x0000000008001214                DMA1_Channel7_IRQHandler
                0x0000000008001214                CAN1_RX1_IRQHandler
                0x0000000008001214                DMA2_Channel1_IRQHandler
                0x0000000008001214                QUADSPI_IRQHandler
                0x0000000008001214                I2C1_EV_IRQHandler
                0x0000000008001214                DMA1_Channel6_IRQHandler
                0x0000000008001214                UART4_IRQHandler
                0x0000000008001214                DMA2_Channel4_IRQHandler
                0x0000000008001214                TIM3_IRQHandler
                0x0000000008001214                RCC_IRQHandler
                0x0000000008001214                TIM1_TRG_COM_IRQHandler
                0x0000000008001214                DMA1_Channel1_IRQHandler
                0x0000000008001214                Default_Handler
                0x0000000008001214                DMA2_Channel7_IRQHandler
                0x0000000008001214                EXTI15_10_IRQHandler
                0x0000000008001214                SDMMC1_IRQHandler
                0x0000000008001214                I2C3_EV_IRQHandler
                0x0000000008001214                USB_IRQHandler
                0x0000000008001214                RTC_WKUP_IRQHandler
                0x0000000008001214                PVD_PVM_IRQHandler
                0x0000000008001214                SPI2_IRQHandler
                0x0000000008001214                CAN1_TX_IRQHandler
                0x0000000008001214                DMA2_Channel5_IRQHandler
                0x0000000008001214                CRS_IRQHandler
                0x0000000008001214                DMA1_Channel5_IRQHandler
                0x0000000008001214                EXTI4_IRQHandler
                0x0000000008001214                RNG_IRQHandler
                0x0000000008001214                DMA1_Channel3_IRQHandler
                0x0000000008001214                COMP_IRQHandler
                0x0000000008001214                WWDG_IRQHandler
                0x0000000008001214                I2C4_EV_IRQHandler
                0x0000000008001214                LPUART1_IRQHandler
                0x0000000008001214                DMA2_Channel6_IRQHandler
                0x0000000008001214                TIM2_IRQHandler
                0x0000000008001214                EXTI1_IRQHandler
                0x0000000008001214                USART2_IRQHandler
                0x0000000008001214                DFSDM1_FLT0_IRQHandler
                0x0000000008001214                I2C2_ER_IRQHandler
                0x0000000008001214                DMA1_Channel2_IRQHandler
                0x0000000008001214                CAN1_SCE_IRQHandler
                0x0000000008001214                FLASH_IRQHandler
                0x0000000008001214                USART1_IRQHandler
                0x0000000008001214                SPI3_IRQHandler
                0x0000000008001214                I2C1_ER_IRQHandler
                0x0000000008001214                LPTIM1_IRQHandler
                0x0000000008001214                I2C4_ER_IRQHandler
                0x0000000008001214                SAI1_IRQHandler
                0x0000000008001214                DMA2_Channel3_IRQHandler
                0x0000000008001214                RTC_Alarm_IRQHandler
 *fill*         0x0000000008001216        0x2 
 .text.HAL_Init
                0x0000000008001218       0x40 ./Drivers/STM32L4xx_HAL_Driver/Src/stm32l4xx_hal.o
                0x0000000008001218                HAL_Init
 .text.HAL_InitTick
                0x0000000008001258       0x78 ./Drivers/STM32L4xx_HAL_Driver/Src/stm32l4xx_hal.o
                0x0000000008001258                HAL_InitTick
 .text.HAL_IncTick
                0x00000000080012d0       0x28 ./Drivers/STM32L4xx_HAL_Driver/Src/stm32l4xx_hal.o
                0x00000000080012d0                HAL_IncTick
 .text.HAL_GetTick
                0x00000000080012f8       0x18 ./Drivers/STM32L4xx_HAL_Driver/Src/stm32l4xx_hal.o
                0x00000000080012f8                HAL_GetTick
 .text.HAL_Delay
                0x0000000008001310       0x48 ./Drivers/STM32L4xx_HAL_Driver/Src/stm32l4xx_hal.o
                0x0000000008001310                HAL_Delay
 .text.__NVIC_SetPriorityGrouping
                0x0000000008001358       0x48 ./Drivers/STM32L4xx_HAL_Driver/Src/stm32l4xx_hal_cortex.o
 .text.__NVIC_GetPriorityGrouping
                0x00000000080013a0       0x1c ./Drivers/STM32L4xx_HAL_Driver/Src/stm32l4xx_hal_cortex.o
 .text.__NVIC_EnableIRQ
                0x00000000080013bc       0x3c ./Drivers/STM32L4xx_HAL_Driver/Src/stm32l4xx_hal_cortex.o
 .text.__NVIC_SetPriority
                0x00000000080013f8       0x54 ./Drivers/STM32L4xx_HAL_Driver/Src/stm32l4xx_hal_cortex.o
 .text.NVIC_EncodePriority
                0x000000000800144c       0x66 ./Drivers/STM32L4xx_HAL_Driver/Src/stm32l4xx_hal_cortex.o
 *fill*         0x00000000080014b2        0x2 
 .text.SysTick_Config
                0x00000000080014b4       0x44 ./Drivers/STM32L4xx_HAL_Driver/Src/stm32l4xx_hal_cortex.o
 .text.HAL_NVIC_SetPriorityGrouping
                0x00000000080014f8       0x16 ./Drivers/STM32L4xx_HAL_Driver/Src/stm32l4xx_hal_cortex.o
                0x00000000080014f8                HAL_NVIC_SetPriorityGrouping
 .text.HAL_NVIC_SetPriority
                0x000000000800150e       0x38 ./Drivers/STM32L4xx_HAL_Driver/Src/stm32l4xx_hal_cortex.o
                0x000000000800150e                HAL_NVIC_SetPriority
 .text.HAL_NVIC_EnableIRQ
                0x0000000008001546       0x1c ./Drivers/STM32L4xx_HAL_Driver/Src/stm32l4xx_hal_cortex.o
                0x0000000008001546                HAL_NVIC_EnableIRQ
 .text.HAL_SYSTICK_Config
                0x0000000008001562       0x18 ./Drivers/STM32L4xx_HAL_Driver/Src/stm32l4xx_hal_cortex.o
                0x0000000008001562                HAL_SYSTICK_Config
 *fill*         0x000000000800157a        0x2 
 .text.HAL_GPIO_Init
                0x000000000800157c      0x2f4 ./Drivers/STM32L4xx_HAL_Driver/Src/stm32l4xx_hal_gpio.o
                0x000000000800157c                HAL_GPIO_Init
 .text.HAL_GPIO_WritePin
                0x0000000008001870       0x30 ./Drivers/STM32L4xx_HAL_Driver/Src/stm32l4xx_hal_gpio.o
                0x0000000008001870                HAL_GPIO_WritePin
 .text.HAL_GPIO_EXTI_IRQHandler
                0x00000000080018a0       0x30 ./Drivers/STM32L4xx_HAL_Driver/Src/stm32l4xx_hal_gpio.o
                0x00000000080018a0                HAL_GPIO_EXTI_IRQHandler
 .text.HAL_I2C_Init
                0x00000000080018d0      0x11e ./Drivers/STM32L4xx_HAL_Driver/Src/stm32l4xx_hal_i2c.o
                0x00000000080018d0                HAL_I2C_Init
 *fill*         0x00000000080019ee        0x2 
 .text.HAL_I2C_Master_Transmit
                0x00000000080019f0      0x1e8 ./Drivers/STM32L4xx_HAL_Driver/Src/stm32l4xx_hal_i2c.o
                0x00000000080019f0                HAL_I2C_Master_Transmit
 .text.HAL_I2C_Mem_Read
                0x0000000008001bd8      0x234 ./Drivers/STM32L4xx_HAL_Driver/Src/stm32l4xx_hal_i2c.o
                0x0000000008001bd8                HAL_I2C_Mem_Read
 .text.I2C_RequestMemoryRead
                0x0000000008001e0c       0xa8 ./Drivers/STM32L4xx_HAL_Driver/Src/stm32l4xx_hal_i2c.o
 .text.I2C_Flush_TXDR
                0x0000000008001eb4       0x48 ./Drivers/STM32L4xx_HAL_Driver/Src/stm32l4xx_hal_i2c.o
 .text.I2C_WaitOnFlagUntilTimeout
                0x0000000008001efc       0x80 ./Drivers/STM32L4xx_HAL_Driver/Src/stm32l4xx_hal_i2c.o
 .text.I2C_WaitOnTXISFlagUntilTimeout
                0x0000000008001f7c       0x80 ./Drivers/STM32L4xx_HAL_Driver/Src/stm32l4xx_hal_i2c.o
 .text.I2C_WaitOnSTOPFlagUntilTimeout
                0x0000000008001ffc       0x78 ./Drivers/STM32L4xx_HAL_Driver/Src/stm32l4xx_hal_i2c.o
 .text.I2C_IsErrorOccurred
                0x0000000008002074      0x1d8 ./Drivers/STM32L4xx_HAL_Driver/Src/stm32l4xx_hal_i2c.o
 .text.I2C_TransferConfig
                0x000000000800224c       0x64 ./Drivers/STM32L4xx_HAL_Driver/Src/stm32l4xx_hal_i2c.o
 .text.HAL_I2CEx_ConfigAnalogFilter
                0x00000000080022b0       0x96 ./Drivers/STM32L4xx_HAL_Driver/Src/stm32l4xx_hal_i2c_ex.o
                0x00000000080022b0                HAL_I2CEx_ConfigAnalogFilter
 .text.HAL_I2CEx_ConfigDigitalFilter
                0x0000000008002346       0x98 ./Drivers/STM32L4xx_HAL_Driver/Src/stm32l4xx_hal_i2c_ex.o
                0x0000000008002346                HAL_I2CEx_ConfigDigitalFilter
 *fill*         0x00000000080023de        0x2 
 .text.HAL_PWREx_GetVoltageRange
                0x00000000080023e0       0x1c ./Drivers/STM32L4xx_HAL_Driver/Src/stm32l4xx_hal_pwr_ex.o
                0x00000000080023e0                HAL_PWREx_GetVoltageRange
 .text.HAL_PWREx_ControlVoltageScaling
                0x00000000080023fc       0xac ./Drivers/STM32L4xx_HAL_Driver/Src/stm32l4xx_hal_pwr_ex.o
                0x00000000080023fc                HAL_PWREx_ControlVoltageScaling
 .text.HAL_RCC_OscConfig
                0x00000000080024a8      0x828 ./Drivers/STM32L4xx_HAL_Driver/Src/stm32l4xx_hal_rcc.o
                0x00000000080024a8                HAL_RCC_OscConfig
 .text.HAL_RCC_ClockConfig
                0x0000000008002cd0      0x200 ./Drivers/STM32L4xx_HAL_Driver/Src/stm32l4xx_hal_rcc.o
                0x0000000008002cd0                HAL_RCC_ClockConfig
 .text.HAL_RCC_GetSysClockFreq
                0x0000000008002ed0      0x118 ./Drivers/STM32L4xx_HAL_Driver/Src/stm32l4xx_hal_rcc.o
                0x0000000008002ed0                HAL_RCC_GetSysClockFreq
 .text.RCC_SetFlashLatencyFromMSIRange
                0x0000000008002fe8       0xc0 ./Drivers/STM32L4xx_HAL_Driver/Src/stm32l4xx_hal_rcc.o
 .text.HAL_RCCEx_PeriphCLKConfig
                0x00000000080030a8      0x4d8 ./Drivers/STM32L4xx_HAL_Driver/Src/stm32l4xx_hal_rcc_ex.o
                0x00000000080030a8                HAL_RCCEx_PeriphCLKConfig
 .text.RCCEx_PLLSAI1_Config
                0x0000000008003580      0x1e4 ./Drivers/STM32L4xx_HAL_Driver/Src/stm32l4xx_hal_rcc_ex.o
 .text.HAL_SPI_Init
                0x0000000008003764      0x146 ./Drivers/STM32L4xx_HAL_Driver/Src/stm32l4xx_hal_spi.o
                0x0000000008003764                HAL_SPI_Init
 .text.HAL_SPI_Transmit
                0x00000000080038aa      0x2dc ./Drivers/STM32L4xx_HAL_Driver/Src/stm32l4xx_hal_spi.o
                0x00000000080038aa                HAL_SPI_Transmit
 .text.HAL_SPI_Receive
                0x0000000008003b86      0x260 ./Drivers/STM32L4xx_HAL_Driver/Src/stm32l4xx_hal_spi.o
                0x0000000008003b86                HAL_SPI_Receive
 .text.HAL_SPI_TransmitReceive
                0x0000000008003de6      0x426 ./Drivers/STM32L4xx_HAL_Driver/Src/stm32l4xx_hal_spi.o
                0x0000000008003de6                HAL_SPI_TransmitReceive
 .text.SPI_WaitFlagStateUntilTimeout
                0x000000000800420c      0x110 ./Drivers/STM32L4xx_HAL_Driver/Src/stm32l4xx_hal_spi.o
 .text.SPI_WaitFifoStateUntilTimeout
                0x000000000800431c      0x12c ./Drivers/STM32L4xx_HAL_Driver/Src/stm32l4xx_hal_spi.o
 .text.SPI_EndRxTransaction
                0x0000000008004448       0xb0 ./Drivers/STM32L4xx_HAL_Driver/Src/stm32l4xx_hal_spi.o
 .text.SPI_EndRxTxTransaction
                0x00000000080044f8       0x8c ./Drivers/STM32L4xx_HAL_Driver/Src/stm32l4xx_hal_spi.o
 .text.__libc_init_array
                0x0000000008004584       0x48 /Applications/STM32CubeIDE.app/Contents/Eclipse/plugins/com.st.stm32cube.ide.mcu.externaltools.gnu-tools-for-stm32.10.3-2021.10.macos64_1.0.0.202111181127/tools/bin/../lib/gcc/arm-none-eabi/10.3.1/../../../../arm-none-eabi/lib/thumb/v7e-m+fp/hard/libc_nano.a(lib_a-init.o)
                0x0000000008004584                __libc_init_array
 .text.memset   0x00000000080045cc       0x10 /Applications/STM32CubeIDE.app/Contents/Eclipse/plugins/com.st.stm32cube.ide.mcu.externaltools.gnu-tools-for-stm32.10.3-2021.10.macos64_1.0.0.202111181127/tools/bin/../lib/gcc/arm-none-eabi/10.3.1/../../../../arm-none-eabi/lib/thumb/v7e-m+fp/hard/libc_nano.a(lib_a-memset.o)
                0x00000000080045cc                memset
 *(.glue_7)
 .glue_7        0x00000000080045dc        0x0 linker stubs
 *(.glue_7t)
 .glue_7t       0x00000000080045dc        0x0 linker stubs
 *(.eh_frame)
 .eh_frame      0x00000000080045dc        0x0 /Applications/STM32CubeIDE.app/Contents/Eclipse/plugins/com.st.stm32cube.ide.mcu.externaltools.gnu-tools-for-stm32.10.3-2021.10.macos64_1.0.0.202111181127/tools/bin/../lib/gcc/arm-none-eabi/10.3.1/thumb/v7e-m+fp/hard/crtbegin.o
 *(.init)
 .init          0x00000000080045dc        0x4 /Applications/STM32CubeIDE.app/Contents/Eclipse/plugins/com.st.stm32cube.ide.mcu.externaltools.gnu-tools-for-stm32.10.3-2021.10.macos64_1.0.0.202111181127/tools/bin/../lib/gcc/arm-none-eabi/10.3.1/thumb/v7e-m+fp/hard/crti.o
                0x00000000080045dc                _init
 .init          0x00000000080045e0        0x8 /Applications/STM32CubeIDE.app/Contents/Eclipse/plugins/com.st.stm32cube.ide.mcu.externaltools.gnu-tools-for-stm32.10.3-2021.10.macos64_1.0.0.202111181127/tools/bin/../lib/gcc/arm-none-eabi/10.3.1/thumb/v7e-m+fp/hard/crtn.o
 *(.fini)
 .fini          0x00000000080045e8        0x4 /Applications/STM32CubeIDE.app/Contents/Eclipse/plugins/com.st.stm32cube.ide.mcu.externaltools.gnu-tools-for-stm32.10.3-2021.10.macos64_1.0.0.202111181127/tools/bin/../lib/gcc/arm-none-eabi/10.3.1/thumb/v7e-m+fp/hard/crti.o
                0x00000000080045e8                _fini
 .fini          0x00000000080045ec        0x8 /Applications/STM32CubeIDE.app/Contents/Eclipse/plugins/com.st.stm32cube.ide.mcu.externaltools.gnu-tools-for-stm32.10.3-2021.10.macos64_1.0.0.202111181127/tools/bin/../lib/gcc/arm-none-eabi/10.3.1/thumb/v7e-m+fp/hard/crtn.o
                0x00000000080045f4                . = ALIGN (0x4)
                0x00000000080045f4                _etext = .

.vfp11_veneer   0x00000000080045f4        0x0
 .vfp11_veneer  0x00000000080045f4        0x0 linker stubs

.v4_bx          0x00000000080045f4        0x0
 .v4_bx         0x00000000080045f4        0x0 linker stubs

.iplt           0x00000000080045f4        0x0
 .iplt          0x00000000080045f4        0x0 /Applications/STM32CubeIDE.app/Contents/Eclipse/plugins/com.st.stm32cube.ide.mcu.externaltools.gnu-tools-for-stm32.10.3-2021.10.macos64_1.0.0.202111181127/tools/bin/../lib/gcc/arm-none-eabi/10.3.1/thumb/v7e-m+fp/hard/crtbegin.o

.rodata         0x00000000080045f4       0x40
                0x00000000080045f4                . = ALIGN (0x4)
 *(.rodata)
 *(.rodata*)
 .rodata.AHBPrescTable
                0x00000000080045f4       0x10 ./Core/Src/system_stm32l4xx.o
                0x00000000080045f4                AHBPrescTable
 .rodata.MSIRangeTable
                0x0000000008004604       0x30 ./Core/Src/system_stm32l4xx.o
                0x0000000008004604                MSIRangeTable
                0x0000000008004634                . = ALIGN (0x4)

.ARM.extab      0x0000000008004634        0x0
                0x0000000008004634                . = ALIGN (0x4)
 *(.ARM.extab* .gnu.linkonce.armextab.*)
                0x0000000008004634                . = ALIGN (0x4)

.ARM            0x0000000008004634        0x8
                0x0000000008004634                . = ALIGN (0x4)
                0x0000000008004634                __exidx_start = .
 *(.ARM.exidx*)
 .ARM.exidx     0x0000000008004634        0x8 /Applications/STM32CubeIDE.app/Contents/Eclipse/plugins/com.st.stm32cube.ide.mcu.externaltools.gnu-tools-for-stm32.10.3-2021.10.macos64_1.0.0.202111181127/tools/bin/../lib/gcc/arm-none-eabi/10.3.1/thumb/v7e-m+fp/hard/libgcc.a(_udivmoddi4.o)
                0x000000000800463c                __exidx_end = .
                0x000000000800463c                . = ALIGN (0x4)

.rel.dyn        0x000000000800463c        0x0
 .rel.iplt      0x000000000800463c        0x0 /Applications/STM32CubeIDE.app/Contents/Eclipse/plugins/com.st.stm32cube.ide.mcu.externaltools.gnu-tools-for-stm32.10.3-2021.10.macos64_1.0.0.202111181127/tools/bin/../lib/gcc/arm-none-eabi/10.3.1/thumb/v7e-m+fp/hard/crtbegin.o

.preinit_array  0x000000000800463c        0x0
                0x000000000800463c                . = ALIGN (0x4)
                0x000000000800463c                PROVIDE (__preinit_array_start = .)
 *(.preinit_array*)
                0x000000000800463c                PROVIDE (__preinit_array_end = .)
                0x000000000800463c                . = ALIGN (0x4)

.init_array     0x000000000800463c        0x4
                0x000000000800463c                . = ALIGN (0x4)
                0x000000000800463c                PROVIDE (__init_array_start = .)
 *(SORT_BY_NAME(.init_array.*))
 *(.init_array*)
 .init_array    0x000000000800463c        0x4 /Applications/STM32CubeIDE.app/Contents/Eclipse/plugins/com.st.stm32cube.ide.mcu.externaltools.gnu-tools-for-stm32.10.3-2021.10.macos64_1.0.0.202111181127/tools/bin/../lib/gcc/arm-none-eabi/10.3.1/thumb/v7e-m+fp/hard/crtbegin.o
                0x0000000008004640                PROVIDE (__init_array_end = .)
                0x0000000008004640                . = ALIGN (0x4)

.fini_array     0x0000000008004640        0x4
                0x0000000008004640                . = ALIGN (0x4)
                [!provide]                        PROVIDE (__fini_array_start = .)
 *(SORT_BY_NAME(.fini_array.*))
 *(.fini_array*)
 .fini_array    0x0000000008004640        0x4 /Applications/STM32CubeIDE.app/Contents/Eclipse/plugins/com.st.stm32cube.ide.mcu.externaltools.gnu-tools-for-stm32.10.3-2021.10.macos64_1.0.0.202111181127/tools/bin/../lib/gcc/arm-none-eabi/10.3.1/thumb/v7e-m+fp/hard/crtbegin.o
                [!provide]                        PROVIDE (__fini_array_end = .)
                0x0000000008004644                . = ALIGN (0x4)
                0x0000000008004644                _sidata = LOADADDR (.data)

.data           0x0000000020000000        0xc load address 0x0000000008004644
                0x0000000020000000                . = ALIGN (0x4)
                0x0000000020000000                _sdata = .
 *(.data)
 *(.data*)
 .data.SystemCoreClock
                0x0000000020000000        0x4 ./Core/Src/system_stm32l4xx.o
                0x0000000020000000                SystemCoreClock
 .data.uwTickPrio
                0x0000000020000004        0x4 ./Drivers/STM32L4xx_HAL_Driver/Src/stm32l4xx_hal.o
                0x0000000020000004                uwTickPrio
 .data.uwTickFreq
                0x0000000020000008        0x1 ./Drivers/STM32L4xx_HAL_Driver/Src/stm32l4xx_hal.o
                0x0000000020000008                uwTickFreq
 *(.RamFunc)
 *(.RamFunc*)
                0x000000002000000c                . = ALIGN (0x4)
 *fill*         0x0000000020000009        0x3 
                0x000000002000000c                _edata = .

.igot.plt       0x000000002000000c        0x0 load address 0x0000000008004650
 .igot.plt      0x000000002000000c        0x0 /Applications/STM32CubeIDE.app/Contents/Eclipse/plugins/com.st.stm32cube.ide.mcu.externaltools.gnu-tools-for-stm32.10.3-2021.10.macos64_1.0.0.202111181127/tools/bin/../lib/gcc/arm-none-eabi/10.3.1/thumb/v7e-m+fp/hard/crtbegin.o
                0x000000002000000c                . = ALIGN (0x4)

.bss            0x000000002000000c      0x144 load address 0x0000000008004650
                0x000000002000000c                _sbss = .
                0x000000002000000c                __bss_start__ = _sbss
 *(.bss)
 .bss           0x000000002000000c       0x1c /Applications/STM32CubeIDE.app/Contents/Eclipse/plugins/com.st.stm32cube.ide.mcu.externaltools.gnu-tools-for-stm32.10.3-2021.10.macos64_1.0.0.202111181127/tools/bin/../lib/gcc/arm-none-eabi/10.3.1/thumb/v7e-m+fp/hard/crtbegin.o
 *(.bss*)
 .bss.hi2c1     0x0000000020000028       0x54 ./Core/Src/i2c.o
                0x0000000020000028                hi2c1
 .bss.hi2c2     0x000000002000007c       0x54 ./Core/Src/i2c.o
                0x000000002000007c                hi2c2
 .bss.LoRa1278  0x00000000200000d0       0x18 ./Core/Src/main.o
                0x00000000200000d0                LoRa1278
 .bss.hspi1     0x00000000200000e8       0x64 ./Core/Src/spi.o
                0x00000000200000e8                hspi1
 .bss.uwTick    0x000000002000014c        0x4 ./Drivers/STM32L4xx_HAL_Driver/Src/stm32l4xx_hal.o
                0x000000002000014c                uwTick
 *(COMMON)
                0x0000000020000150                . = ALIGN (0x4)
                0x0000000020000150                _ebss = .
                0x0000000020000150                __bss_end__ = _ebss

._user_heap_stack
                0x0000000020000150      0x600 load address 0x0000000008004650
                0x0000000020000150                . = ALIGN (0x8)
                [!provide]                        PROVIDE (end = .)
                0x0000000020000150                PROVIDE (_end = .)
                0x0000000020000350                . = (. + _Min_Heap_Size)
 *fill*         0x0000000020000150      0x200 
                0x0000000020000750                . = (. + _Min_Stack_Size)
 *fill*         0x0000000020000350      0x400 
                0x0000000020000750                . = ALIGN (0x8)

/DISCARD/
 libc.a(*)
 libm.a(*)
 libgcc.a(*)

.ARM.attributes
                0x0000000000000000       0x30
 *(.ARM.attributes)
 .ARM.attributes
                0x0000000000000000       0x1e /Applications/STM32CubeIDE.app/Contents/Eclipse/plugins/com.st.stm32cube.ide.mcu.externaltools.gnu-tools-for-stm32.10.3-2021.10.macos64_1.0.0.202111181127/tools/bin/../lib/gcc/arm-none-eabi/10.3.1/thumb/v7e-m+fp/hard/crti.o
 .ARM.attributes
                0x000000000000001e       0x34 /Applications/STM32CubeIDE.app/Contents/Eclipse/plugins/com.st.stm32cube.ide.mcu.externaltools.gnu-tools-for-stm32.10.3-2021.10.macos64_1.0.0.202111181127/tools/bin/../lib/gcc/arm-none-eabi/10.3.1/thumb/v7e-m+fp/hard/crtbegin.o
 .ARM.attributes
                0x0000000000000052       0x34 ./Core/Src/LCD.o
 .ARM.attributes
                0x0000000000000086       0x34 ./Core/Src/LoRa.o
 .ARM.attributes
                0x00000000000000ba       0x34 ./Core/Src/gpio.o
 .ARM.attributes
                0x00000000000000ee       0x34 ./Core/Src/i2c.o
 .ARM.attributes
                0x0000000000000122       0x34 ./Core/Src/main.o
 .ARM.attributes
                0x0000000000000156       0x34 ./Core/Src/spi.o
 .ARM.attributes
                0x000000000000018a       0x34 ./Core/Src/stm32l4xx_hal_msp.o
 .ARM.attributes
                0x00000000000001be       0x34 ./Core/Src/stm32l4xx_it.o
 .ARM.attributes
                0x00000000000001f2       0x34 ./Core/Src/system_stm32l4xx.o
 .ARM.attributes
                0x0000000000000226       0x21 ./Core/Startup/startup_stm32l452retx.o
 .ARM.attributes
                0x0000000000000247       0x34 ./Drivers/STM32L4xx_HAL_Driver/Src/stm32l4xx_hal.o
 .ARM.attributes
                0x000000000000027b       0x34 ./Drivers/STM32L4xx_HAL_Driver/Src/stm32l4xx_hal_cortex.o
 .ARM.attributes
                0x00000000000002af       0x34 ./Drivers/STM32L4xx_HAL_Driver/Src/stm32l4xx_hal_gpio.o
 .ARM.attributes
                0x00000000000002e3       0x34 ./Drivers/STM32L4xx_HAL_Driver/Src/stm32l4xx_hal_i2c.o
 .ARM.attributes
                0x0000000000000317       0x34 ./Drivers/STM32L4xx_HAL_Driver/Src/stm32l4xx_hal_i2c_ex.o
 .ARM.attributes
                0x000000000000034b       0x34 ./Drivers/STM32L4xx_HAL_Driver/Src/stm32l4xx_hal_pwr_ex.o
 .ARM.attributes
                0x000000000000037f       0x34 ./Drivers/STM32L4xx_HAL_Driver/Src/stm32l4xx_hal_rcc.o
 .ARM.attributes
                0x00000000000003b3       0x34 ./Drivers/STM32L4xx_HAL_Driver/Src/stm32l4xx_hal_rcc_ex.o
 .ARM.attributes
                0x00000000000003e7       0x34 ./Drivers/STM32L4xx_HAL_Driver/Src/stm32l4xx_hal_spi.o
 .ARM.attributes
                0x000000000000041b       0x34 /Applications/STM32CubeIDE.app/Contents/Eclipse/plugins/com.st.stm32cube.ide.mcu.externaltools.gnu-tools-for-stm32.10.3-2021.10.macos64_1.0.0.202111181127/tools/bin/../lib/gcc/arm-none-eabi/10.3.1/../../../../arm-none-eabi/lib/thumb/v7e-m+fp/hard/libc_nano.a(lib_a-init.o)
 .ARM.attributes
                0x000000000000044f       0x34 /Applications/STM32CubeIDE.app/Contents/Eclipse/plugins/com.st.stm32cube.ide.mcu.externaltools.gnu-tools-for-stm32.10.3-2021.10.macos64_1.0.0.202111181127/tools/bin/../lib/gcc/arm-none-eabi/10.3.1/../../../../arm-none-eabi/lib/thumb/v7e-m+fp/hard/libc_nano.a(lib_a-memset.o)
 .ARM.attributes
                0x0000000000000483       0x1e /Applications/STM32CubeIDE.app/Contents/Eclipse/plugins/com.st.stm32cube.ide.mcu.externaltools.gnu-tools-for-stm32.10.3-2021.10.macos64_1.0.0.202111181127/tools/bin/../lib/gcc/arm-none-eabi/10.3.1/thumb/v7e-m+fp/hard/libgcc.a(_aeabi_uldivmod.o)
 .ARM.attributes
                0x00000000000004a1       0x34 /Applications/STM32CubeIDE.app/Contents/Eclipse/plugins/com.st.stm32cube.ide.mcu.externaltools.gnu-tools-for-stm32.10.3-2021.10.macos64_1.0.0.202111181127/tools/bin/../lib/gcc/arm-none-eabi/10.3.1/thumb/v7e-m+fp/hard/libgcc.a(_udivmoddi4.o)
 .ARM.attributes
                0x00000000000004d5       0x1e /Applications/STM32CubeIDE.app/Contents/Eclipse/plugins/com.st.stm32cube.ide.mcu.externaltools.gnu-tools-for-stm32.10.3-2021.10.macos64_1.0.0.202111181127/tools/bin/../lib/gcc/arm-none-eabi/10.3.1/thumb/v7e-m+fp/hard/libgcc.a(_dvmd_tls.o)
 .ARM.attributes
                0x00000000000004f3       0x1e /Applications/STM32CubeIDE.app/Contents/Eclipse/plugins/com.st.stm32cube.ide.mcu.externaltools.gnu-tools-for-stm32.10.3-2021.10.macos64_1.0.0.202111181127/tools/bin/../lib/gcc/arm-none-eabi/10.3.1/thumb/v7e-m+fp/hard/crtn.o
OUTPUT(RocketGround.elf elf32-littlearm)
LOAD linker stubs
LOAD /Applications/STM32CubeIDE.app/Contents/Eclipse/plugins/com.st.stm32cube.ide.mcu.externaltools.gnu-tools-for-stm32.10.3-2021.10.macos64_1.0.0.202111181127/tools/bin/../lib/gcc/arm-none-eabi/10.3.1/../../../../arm-none-eabi/lib/thumb/v7e-m+fp/hard/libc.a
LOAD /Applications/STM32CubeIDE.app/Contents/Eclipse/plugins/com.st.stm32cube.ide.mcu.externaltools.gnu-tools-for-stm32.10.3-2021.10.macos64_1.0.0.202111181127/tools/bin/../lib/gcc/arm-none-eabi/10.3.1/../../../../arm-none-eabi/lib/thumb/v7e-m+fp/hard/libm.a
LOAD /Applications/STM32CubeIDE.app/Contents/Eclipse/plugins/com.st.stm32cube.ide.mcu.externaltools.gnu-tools-for-stm32.10.3-2021.10.macos64_1.0.0.202111181127/tools/bin/../lib/gcc/arm-none-eabi/10.3.1/thumb/v7e-m+fp/hard/libgcc.a

.debug_info     0x0000000000000000     0xe0fd
 .debug_info    0x0000000000000000      0x948 ./Core/Src/LCD.o
 .debug_info    0x0000000000000948     0x14af ./Core/Src/LoRa.o
 .debug_info    0x0000000000001df7      0x734 ./Core/Src/gpio.o
 .debug_info    0x000000000000252b      0xd00 ./Core/Src/i2c.o
 .debug_info    0x000000000000322b      0xe58 ./Core/Src/main.o
 .debug_info    0x0000000000004083      0xa47 ./Core/Src/spi.o
 .debug_info    0x0000000000004aca      0x324 ./Core/Src/stm32l4xx_hal_msp.o
 .debug_info    0x0000000000004dee      0x15f ./Core/Src/stm32l4xx_it.o
 .debug_info    0x0000000000004f4d      0x5e2 ./Core/Src/system_stm32l4xx.o
 .debug_info    0x000000000000552f       0x22 ./Core/Startup/startup_stm32l452retx.o
 .debug_info    0x0000000000005551      0xbd5 ./Drivers/STM32L4xx_HAL_Driver/Src/stm32l4xx_hal.o
 .debug_info    0x0000000000006126      0xdd9 ./Drivers/STM32L4xx_HAL_Driver/Src/stm32l4xx_hal_cortex.o
 .debug_info    0x0000000000006eff      0x82f ./Drivers/STM32L4xx_HAL_Driver/Src/stm32l4xx_hal_gpio.o
 .debug_info    0x000000000000772e     0x2232 ./Drivers/STM32L4xx_HAL_Driver/Src/stm32l4xx_hal_i2c.o
 .debug_info    0x0000000000009960      0xa61 ./Drivers/STM32L4xx_HAL_Driver/Src/stm32l4xx_hal_i2c_ex.o
 .debug_info    0x000000000000a3c1      0x96b ./Drivers/STM32L4xx_HAL_Driver/Src/stm32l4xx_hal_pwr_ex.o
 .debug_info    0x000000000000ad2c      0xca5 ./Drivers/STM32L4xx_HAL_Driver/Src/stm32l4xx_hal_rcc.o
 .debug_info    0x000000000000b9d1      0xfaa ./Drivers/STM32L4xx_HAL_Driver/Src/stm32l4xx_hal_rcc_ex.o
 .debug_info    0x000000000000c97b     0x1782 ./Drivers/STM32L4xx_HAL_Driver/Src/stm32l4xx_hal_spi.o

.debug_abbrev   0x0000000000000000     0x2372
 .debug_abbrev  0x0000000000000000      0x226 ./Core/Src/LCD.o
 .debug_abbrev  0x0000000000000226      0x285 ./Core/Src/LoRa.o
 .debug_abbrev  0x00000000000004ab      0x14f ./Core/Src/gpio.o
 .debug_abbrev  0x00000000000005fa      0x202 ./Core/Src/i2c.o
 .debug_abbrev  0x00000000000007fc      0x272 ./Core/Src/main.o
 .debug_abbrev  0x0000000000000a6e      0x1e0 ./Core/Src/spi.o
 .debug_abbrev  0x0000000000000c4e       0xc2 ./Core/Src/stm32l4xx_hal_msp.o
 .debug_abbrev  0x0000000000000d10       0x9f ./Core/Src/stm32l4xx_it.o
 .debug_abbrev  0x0000000000000daf      0x116 ./Core/Src/system_stm32l4xx.o
 .debug_abbrev  0x0000000000000ec5       0x12 ./Core/Startup/startup_stm32l452retx.o
 .debug_abbrev  0x0000000000000ed7      0x23a ./Drivers/STM32L4xx_HAL_Driver/Src/stm32l4xx_hal.o
 .debug_abbrev  0x0000000000001111      0x316 ./Drivers/STM32L4xx_HAL_Driver/Src/stm32l4xx_hal_cortex.o
 .debug_abbrev  0x0000000000001427      0x1bb ./Drivers/STM32L4xx_HAL_Driver/Src/stm32l4xx_hal_gpio.o
 .debug_abbrev  0x00000000000015e2      0x243 ./Drivers/STM32L4xx_HAL_Driver/Src/stm32l4xx_hal_i2c.o
 .debug_abbrev  0x0000000000001825      0x1b0 ./Drivers/STM32L4xx_HAL_Driver/Src/stm32l4xx_hal_i2c_ex.o
 .debug_abbrev  0x00000000000019d5      0x1f3 ./Drivers/STM32L4xx_HAL_Driver/Src/stm32l4xx_hal_pwr_ex.o
 .debug_abbrev  0x0000000000001bc8      0x2bd ./Drivers/STM32L4xx_HAL_Driver/Src/stm32l4xx_hal_rcc.o
 .debug_abbrev  0x0000000000001e85      0x299 ./Drivers/STM32L4xx_HAL_Driver/Src/stm32l4xx_hal_rcc_ex.o
 .debug_abbrev  0x000000000000211e      0x254 ./Drivers/STM32L4xx_HAL_Driver/Src/stm32l4xx_hal_spi.o

.debug_aranges  0x0000000000000000      0xd78
 .debug_aranges
                0x0000000000000000       0x70 ./Core/Src/LCD.o
 .debug_aranges
                0x0000000000000070      0x168 ./Core/Src/LoRa.o
 .debug_aranges
                0x00000000000001d8       0x20 ./Core/Src/gpio.o
 .debug_aranges
                0x00000000000001f8       0x38 ./Core/Src/i2c.o
 .debug_aranges
                0x0000000000000230       0x38 ./Core/Src/main.o
 .debug_aranges
                0x0000000000000268       0x30 ./Core/Src/spi.o
 .debug_aranges
                0x0000000000000298       0x20 ./Core/Src/stm32l4xx_hal_msp.o
 .debug_aranges
                0x00000000000002b8       0x68 ./Core/Src/stm32l4xx_it.o
 .debug_aranges
                0x0000000000000320       0x28 ./Core/Src/system_stm32l4xx.o
 .debug_aranges
                0x0000000000000348       0x28 ./Core/Startup/startup_stm32l452retx.o
 .debug_aranges
                0x0000000000000370      0x130 ./Drivers/STM32L4xx_HAL_Driver/Src/stm32l4xx_hal.o
 .debug_aranges
                0x00000000000004a0      0x118 ./Drivers/STM32L4xx_HAL_Driver/Src/stm32l4xx_hal_cortex.o
 .debug_aranges
                0x00000000000005b8       0x58 ./Drivers/STM32L4xx_HAL_Driver/Src/stm32l4xx_hal_gpio.o
 .debug_aranges
                0x0000000000000610      0x2a0 ./Drivers/STM32L4xx_HAL_Driver/Src/stm32l4xx_hal_i2c.o
 .debug_aranges
                0x00000000000008b0       0x48 ./Drivers/STM32L4xx_HAL_Driver/Src/stm32l4xx_hal_i2c_ex.o
 .debug_aranges
                0x00000000000008f8      0x128 ./Drivers/STM32L4xx_HAL_Driver/Src/stm32l4xx_hal_pwr_ex.o
 .debug_aranges
                0x0000000000000a20       0x90 ./Drivers/STM32L4xx_HAL_Driver/Src/stm32l4xx_hal_rcc.o
 .debug_aranges
                0x0000000000000ab0       0xf0 ./Drivers/STM32L4xx_HAL_Driver/Src/stm32l4xx_hal_rcc_ex.o
 .debug_aranges
                0x0000000000000ba0      0x1d8 ./Drivers/STM32L4xx_HAL_Driver/Src/stm32l4xx_hal_spi.o

.debug_ranges   0x0000000000000000      0xc68
 .debug_ranges  0x0000000000000000       0x78 ./Core/Src/LCD.o
 .debug_ranges  0x0000000000000078      0x158 ./Core/Src/LoRa.o
 .debug_ranges  0x00000000000001d0       0x10 ./Core/Src/gpio.o
 .debug_ranges  0x00000000000001e0       0x28 ./Core/Src/i2c.o
 .debug_ranges  0x0000000000000208       0x28 ./Core/Src/main.o
 .debug_ranges  0x0000000000000230       0x20 ./Core/Src/spi.o
 .debug_ranges  0x0000000000000250       0x10 ./Core/Src/stm32l4xx_hal_msp.o
 .debug_ranges  0x0000000000000260       0x58 ./Core/Src/stm32l4xx_it.o
 .debug_ranges  0x00000000000002b8       0x18 ./Core/Src/system_stm32l4xx.o
 .debug_ranges  0x00000000000002d0       0x20 ./Core/Startup/startup_stm32l452retx.o
 .debug_ranges  0x00000000000002f0      0x120 ./Drivers/STM32L4xx_HAL_Driver/Src/stm32l4xx_hal.o
 .debug_ranges  0x0000000000000410      0x108 ./Drivers/STM32L4xx_HAL_Driver/Src/stm32l4xx_hal_cortex.o
 .debug_ranges  0x0000000000000518       0x48 ./Drivers/STM32L4xx_HAL_Driver/Src/stm32l4xx_hal_gpio.o
 .debug_ranges  0x0000000000000560      0x290 ./Drivers/STM32L4xx_HAL_Driver/Src/stm32l4xx_hal_i2c.o
 .debug_ranges  0x00000000000007f0       0x38 ./Drivers/STM32L4xx_HAL_Driver/Src/stm32l4xx_hal_i2c_ex.o
 .debug_ranges  0x0000000000000828      0x118 ./Drivers/STM32L4xx_HAL_Driver/Src/stm32l4xx_hal_pwr_ex.o
 .debug_ranges  0x0000000000000940       0x80 ./Drivers/STM32L4xx_HAL_Driver/Src/stm32l4xx_hal_rcc.o
 .debug_ranges  0x00000000000009c0       0xe0 ./Drivers/STM32L4xx_HAL_Driver/Src/stm32l4xx_hal_rcc_ex.o
 .debug_ranges  0x0000000000000aa0      0x1c8 ./Drivers/STM32L4xx_HAL_Driver/Src/stm32l4xx_hal_spi.o

.debug_macro    0x0000000000000000    0x22683
 .debug_macro   0x0000000000000000      0x2c0 ./Core/Src/LCD.o
 .debug_macro   0x00000000000002c0      0xa78 ./Core/Src/LCD.o
 .debug_macro   0x0000000000000d38       0x1c ./Core/Src/LCD.o
 .debug_macro   0x0000000000000d54      0x1a7 ./Core/Src/LCD.o
 .debug_macro   0x0000000000000efb       0x2e ./Core/Src/LCD.o
 .debug_macro   0x0000000000000f29       0x28 ./Core/Src/LCD.o
 .debug_macro   0x0000000000000f51       0x22 ./Core/Src/LCD.o
 .debug_macro   0x0000000000000f73       0x8e ./Core/Src/LCD.o
 .debug_macro   0x0000000000001001       0x51 ./Core/Src/LCD.o
 .debug_macro   0x0000000000001052      0x103 ./Core/Src/LCD.o
 .debug_macro   0x0000000000001155       0x6a ./Core/Src/LCD.o
 .debug_macro   0x00000000000011bf      0x1df ./Core/Src/LCD.o
 .debug_macro   0x000000000000139e       0x1c ./Core/Src/LCD.o
 .debug_macro   0x00000000000013ba       0x22 ./Core/Src/LCD.o
 .debug_macro   0x00000000000013dc       0xfb ./Core/Src/LCD.o
 .debug_macro   0x00000000000014d7     0x1011 ./Core/Src/LCD.o
 .debug_macro   0x00000000000024e8      0x11f ./Core/Src/LCD.o
 .debug_macro   0x0000000000002607    0x16336 ./Core/Src/LCD.o
 .debug_macro   0x000000000001893d       0x6d ./Core/Src/LCD.o
 .debug_macro   0x00000000000189aa     0x38e6 ./Core/Src/LCD.o
 .debug_macro   0x000000000001c290      0x174 ./Core/Src/LCD.o
 .debug_macro   0x000000000001c404       0x5c ./Core/Src/LCD.o
 .debug_macro   0x000000000001c460     0x13fa ./Core/Src/LCD.o
 .debug_macro   0x000000000001d85a      0x646 ./Core/Src/LCD.o
 .debug_macro   0x000000000001dea0      0x1b9 ./Core/Src/LCD.o
 .debug_macro   0x000000000001e059      0x168 ./Core/Src/LCD.o
 .debug_macro   0x000000000001e1c1      0x26b ./Core/Src/LCD.o
 .debug_macro   0x000000000001e42c      0x23d ./Core/Src/LCD.o
 .debug_macro   0x000000000001e669      0x241 ./Core/Src/LCD.o
 .debug_macro   0x000000000001e8aa      0x375 ./Core/Src/LCD.o
 .debug_macro   0x000000000001ec1f       0xd6 ./Core/Src/LCD.o
 .debug_macro   0x000000000001ecf5      0x22c ./Core/Src/LCD.o
 .debug_macro   0x000000000001ef21       0x61 ./Core/Src/LCD.o
 .debug_macro   0x000000000001ef82       0xa5 ./Core/Src/LCD.o
 .debug_macro   0x000000000001f027      0x122 ./Core/Src/LCD.o
 .debug_macro   0x000000000001f149      0x364 ./Core/Src/LCD.o
 .debug_macro   0x000000000001f4ad      0x2fe ./Core/Src/LCD.o
 .debug_macro   0x000000000001f7ab      0x2eb ./Core/Src/LCD.o
 .debug_macro   0x000000000001fa96       0x7c ./Core/Src/LCD.o
 .debug_macro   0x000000000001fb12       0x52 ./Core/Src/LCD.o
 .debug_macro   0x000000000001fb64       0x1e ./Core/Src/LCD.o
 .debug_macro   0x000000000001fb82       0x3c ./Core/Src/LCD.o
 .debug_macro   0x000000000001fbbe       0x34 ./Core/Src/LCD.o
 .debug_macro   0x000000000001fbf2       0x16 ./Core/Src/LCD.o
 .debug_macro   0x000000000001fc08       0x43 ./Core/Src/LCD.o
 .debug_macro   0x000000000001fc4b       0x34 ./Core/Src/LCD.o
 .debug_macro   0x000000000001fc7f       0x10 ./Core/Src/LCD.o
 .debug_macro   0x000000000001fc8f       0x58 ./Core/Src/LCD.o
 .debug_macro   0x000000000001fce7       0x71 ./Core/Src/LCD.o
 .debug_macro   0x000000000001fd58       0x1c ./Core/Src/LCD.o
 .debug_macro   0x000000000001fd74      0x12a ./Core/Src/LCD.o
 .debug_macro   0x000000000001fe9e      0x341 ./Core/Src/LCD.o
 .debug_macro   0x00000000000201df       0x10 ./Core/Src/LCD.o
 .debug_macro   0x00000000000201ef       0x35 ./Core/Src/LCD.o
 .debug_macro   0x0000000000020224       0x20 ./Core/Src/LCD.o
 .debug_macro   0x0000000000020244      0x328 ./Core/Src/LoRa.o
 .debug_macro   0x000000000002056c       0x94 ./Core/Src/LoRa.o
 .debug_macro   0x0000000000020600      0x1df ./Core/Src/gpio.o
 .debug_macro   0x00000000000207df      0x1df ./Core/Src/i2c.o
 .debug_macro   0x00000000000209be      0x317 ./Core/Src/main.o
 .debug_macro   0x0000000000020cd5       0x9a ./Core/Src/main.o
 .debug_macro   0x0000000000020d6f      0x1df ./Core/Src/spi.o
 .debug_macro   0x0000000000020f4e      0x1d5 ./Core/Src/stm32l4xx_hal_msp.o
 .debug_macro   0x0000000000021123      0x1df ./Core/Src/stm32l4xx_it.o
 .debug_macro   0x0000000000021302      0x1c6 ./Core/Src/system_stm32l4xx.o
 .debug_macro   0x00000000000214c8      0x214 ./Drivers/STM32L4xx_HAL_Driver/Src/stm32l4xx_hal.o
 .debug_macro   0x00000000000216dc      0x1c6 ./Drivers/STM32L4xx_HAL_Driver/Src/stm32l4xx_hal_cortex.o
 .debug_macro   0x00000000000218a2      0x1cd ./Drivers/STM32L4xx_HAL_Driver/Src/stm32l4xx_hal_gpio.o
 .debug_macro   0x0000000000021a6f      0x292 ./Drivers/STM32L4xx_HAL_Driver/Src/stm32l4xx_hal_i2c.o
 .debug_macro   0x0000000000021d01      0x1c6 ./Drivers/STM32L4xx_HAL_Driver/Src/stm32l4xx_hal_i2c_ex.o
 .debug_macro   0x0000000000021ec7      0x1ea ./Drivers/STM32L4xx_HAL_Driver/Src/stm32l4xx_hal_pwr_ex.o
 .debug_macro   0x00000000000220b1      0x208 ./Drivers/STM32L4xx_HAL_Driver/Src/stm32l4xx_hal_rcc.o
 .debug_macro   0x00000000000222b9      0x1fc ./Drivers/STM32L4xx_HAL_Driver/Src/stm32l4xx_hal_rcc_ex.o
 .debug_macro   0x00000000000224b5      0x1ce ./Drivers/STM32L4xx_HAL_Driver/Src/stm32l4xx_hal_spi.o

.debug_line     0x0000000000000000     0xfe69
 .debug_line    0x0000000000000000      0xa86 ./Core/Src/LCD.o
 .debug_line    0x0000000000000a86      0xd37 ./Core/Src/LoRa.o
 .debug_line    0x00000000000017bd      0x738 ./Core/Src/gpio.o
 .debug_line    0x0000000000001ef5      0x806 ./Core/Src/i2c.o
 .debug_line    0x00000000000026fb      0x95c ./Core/Src/main.o
 .debug_line    0x0000000000003057      0x75f ./Core/Src/spi.o
 .debug_line    0x00000000000037b6      0x6e6 ./Core/Src/stm32l4xx_hal_msp.o
 .debug_line    0x0000000000003e9c      0x7c3 ./Core/Src/stm32l4xx_it.o
 .debug_line    0x000000000000465f      0x77e ./Core/Src/system_stm32l4xx.o
 .debug_line    0x0000000000004ddd       0x88 ./Core/Startup/startup_stm32l452retx.o
 .debug_line    0x0000000000004e65      0xad7 ./Drivers/STM32L4xx_HAL_Driver/Src/stm32l4xx_hal.o
 .debug_line    0x000000000000593c      0xc7d ./Drivers/STM32L4xx_HAL_Driver/Src/stm32l4xx_hal_cortex.o
 .debug_line    0x00000000000065b9      0xaf6 ./Drivers/STM32L4xx_HAL_Driver/Src/stm32l4xx_hal_gpio.o
 .debug_line    0x00000000000070af     0x3668 ./Drivers/STM32L4xx_HAL_Driver/Src/stm32l4xx_hal_i2c.o
 .debug_line    0x000000000000a717      0x904 ./Drivers/STM32L4xx_HAL_Driver/Src/stm32l4xx_hal_i2c_ex.o
 .debug_line    0x000000000000b01b      0xbe9 ./Drivers/STM32L4xx_HAL_Driver/Src/stm32l4xx_hal_pwr_ex.o
 .debug_line    0x000000000000bc04      0xf8e ./Drivers/STM32L4xx_HAL_Driver/Src/stm32l4xx_hal_rcc.o
 .debug_line    0x000000000000cb92     0x13c7 ./Drivers/STM32L4xx_HAL_Driver/Src/stm32l4xx_hal_rcc_ex.o
 .debug_line    0x000000000000df59     0x1f10 ./Drivers/STM32L4xx_HAL_Driver/Src/stm32l4xx_hal_spi.o

.debug_str      0x0000000000000000    0xcd616
 .debug_str     0x0000000000000000    0xc8e66 ./Core/Src/LCD.o
                                      0xc91d0 (size before relaxing)
 .debug_str     0x00000000000c8e66      0xeee ./Core/Src/LoRa.o
                                      0xc6ed0 (size before relaxing)
 .debug_str     0x00000000000c9d54      0x5a7 ./Core/Src/gpio.o
                                      0xc63d6 (size before relaxing)
 .debug_str     0x00000000000ca2fb      0x27b ./Core/Src/i2c.o
                                      0xc66b6 (size before relaxing)
 .debug_str     0x00000000000ca576      0x31c ./Core/Src/main.o
                                      0xc98f1 (size before relaxing)
 .debug_str     0x00000000000ca892       0x4b ./Core/Src/spi.o
                                      0xc637c (size before relaxing)
 .debug_str     0x00000000000ca8dd       0x2c ./Core/Src/stm32l4xx_hal_msp.o
                                      0xc5e85 (size before relaxing)
 .debug_str     0x00000000000ca909       0xf5 ./Core/Src/stm32l4xx_it.o
                                      0xc5df4 (size before relaxing)
 .debug_str     0x00000000000ca9fe       0xf2 ./Core/Src/system_stm32l4xx.o
                                      0xc5d89 (size before relaxing)
 .debug_str     0x00000000000caaf0       0x36 ./Core/Startup/startup_stm32l452retx.o
                                         0x6a (size before relaxing)
 .debug_str     0x00000000000cab26      0x67d ./Drivers/STM32L4xx_HAL_Driver/Src/stm32l4xx_hal.o
                                      0xc68c9 (size before relaxing)
 .debug_str     0x00000000000cb1a3      0x331 ./Drivers/STM32L4xx_HAL_Driver/Src/stm32l4xx_hal_cortex.o
                                      0xc6527 (size before relaxing)
 .debug_str     0x00000000000cb4d4       0xef ./Drivers/STM32L4xx_HAL_Driver/Src/stm32l4xx_hal_gpio.o
                                      0xc5efd (size before relaxing)
 .debug_str     0x00000000000cb5c3      0xdc0 ./Drivers/STM32L4xx_HAL_Driver/Src/stm32l4xx_hal_i2c.o
                                      0xc6f83 (size before relaxing)
 .debug_str     0x00000000000cc383       0xb8 ./Drivers/STM32L4xx_HAL_Driver/Src/stm32l4xx_hal_i2c_ex.o
                                      0xc62c0 (size before relaxing)
 .debug_str     0x00000000000cc43b      0x44e ./Drivers/STM32L4xx_HAL_Driver/Src/stm32l4xx_hal_pwr_ex.o
                                      0xc622a (size before relaxing)
 .debug_str     0x00000000000cc889      0x33a ./Drivers/STM32L4xx_HAL_Driver/Src/stm32l4xx_hal_rcc.o
                                      0xc6389 (size before relaxing)
 .debug_str     0x00000000000ccbc3      0x524 ./Drivers/STM32L4xx_HAL_Driver/Src/stm32l4xx_hal_rcc_ex.o
                                      0xc664d (size before relaxing)
 .debug_str     0x00000000000cd0e7      0x52f ./Drivers/STM32L4xx_HAL_Driver/Src/stm32l4xx_hal_spi.o
                                      0xc65a0 (size before relaxing)

.comment        0x0000000000000000       0x50
 .comment       0x0000000000000000       0x50 ./Core/Src/LCD.o
                                         0x51 (size before relaxing)
 .comment       0x0000000000000050       0x51 ./Core/Src/LoRa.o
 .comment       0x0000000000000050       0x51 ./Core/Src/gpio.o
 .comment       0x0000000000000050       0x51 ./Core/Src/i2c.o
 .comment       0x0000000000000050       0x51 ./Core/Src/main.o
 .comment       0x0000000000000050       0x51 ./Core/Src/spi.o
 .comment       0x0000000000000050       0x51 ./Core/Src/stm32l4xx_hal_msp.o
 .comment       0x0000000000000050       0x51 ./Core/Src/stm32l4xx_it.o
 .comment       0x0000000000000050       0x51 ./Core/Src/system_stm32l4xx.o
 .comment       0x0000000000000050       0x51 ./Drivers/STM32L4xx_HAL_Driver/Src/stm32l4xx_hal.o
 .comment       0x0000000000000050       0x51 ./Drivers/STM32L4xx_HAL_Driver/Src/stm32l4xx_hal_cortex.o
 .comment       0x0000000000000050       0x51 ./Drivers/STM32L4xx_HAL_Driver/Src/stm32l4xx_hal_gpio.o
 .comment       0x0000000000000050       0x51 ./Drivers/STM32L4xx_HAL_Driver/Src/stm32l4xx_hal_i2c.o
 .comment       0x0000000000000050       0x51 ./Drivers/STM32L4xx_HAL_Driver/Src/stm32l4xx_hal_i2c_ex.o
 .comment       0x0000000000000050       0x51 ./Drivers/STM32L4xx_HAL_Driver/Src/stm32l4xx_hal_pwr_ex.o
 .comment       0x0000000000000050       0x51 ./Drivers/STM32L4xx_HAL_Driver/Src/stm32l4xx_hal_rcc.o
 .comment       0x0000000000000050       0x51 ./Drivers/STM32L4xx_HAL_Driver/Src/stm32l4xx_hal_rcc_ex.o
 .comment       0x0000000000000050       0x51 ./Drivers/STM32L4xx_HAL_Driver/Src/stm32l4xx_hal_spi.o

.debug_frame    0x0000000000000000     0x3660
 .debug_frame   0x0000000000000000      0x190 ./Core/Src/LCD.o
 .debug_frame   0x0000000000000190      0x5fc ./Core/Src/LoRa.o
 .debug_frame   0x000000000000078c       0x34 ./Core/Src/gpio.o
 .debug_frame   0x00000000000007c0       0x94 ./Core/Src/i2c.o
 .debug_frame   0x0000000000000854       0x98 ./Core/Src/main.o
 .debug_frame   0x00000000000008ec       0x74 ./Core/Src/spi.o
 .debug_frame   0x0000000000000960       0x38 ./Core/Src/stm32l4xx_hal_msp.o
 .debug_frame   0x0000000000000998      0x120 ./Core/Src/stm32l4xx_it.o
 .debug_frame   0x0000000000000ab8       0x58 ./Core/Src/system_stm32l4xx.o
 .debug_frame   0x0000000000000b10      0x498 ./Drivers/STM32L4xx_HAL_Driver/Src/stm32l4xx_hal.o
 .debug_frame   0x0000000000000fa8      0x498 ./Drivers/STM32L4xx_HAL_Driver/Src/stm32l4xx_hal_cortex.o
 .debug_frame   0x0000000000001440      0x14c ./Drivers/STM32L4xx_HAL_Driver/Src/stm32l4xx_hal_gpio.o
 .debug_frame   0x000000000000158c      0xc38 ./Drivers/STM32L4xx_HAL_Driver/Src/stm32l4xx_hal_i2c.o
 .debug_frame   0x00000000000021c4      0x100 ./Drivers/STM32L4xx_HAL_Driver/Src/stm32l4xx_hal_i2c_ex.o
 .debug_frame   0x00000000000022c4      0x4a4 ./Drivers/STM32L4xx_HAL_Driver/Src/stm32l4xx_hal_pwr_ex.o
 .debug_frame   0x0000000000002768      0x21c ./Drivers/STM32L4xx_HAL_Driver/Src/stm32l4xx_hal_rcc.o
 .debug_frame   0x0000000000002984      0x3d0 ./Drivers/STM32L4xx_HAL_Driver/Src/stm32l4xx_hal_rcc_ex.o
 .debug_frame   0x0000000000002d54      0x860 ./Drivers/STM32L4xx_HAL_Driver/Src/stm32l4xx_hal_spi.o
 .debug_frame   0x00000000000035b4       0x2c /Applications/STM32CubeIDE.app/Contents/Eclipse/plugins/com.st.stm32cube.ide.mcu.externaltools.gnu-tools-for-stm32.10.3-2021.10.macos64_1.0.0.202111181127/tools/bin/../lib/gcc/arm-none-eabi/10.3.1/../../../../arm-none-eabi/lib/thumb/v7e-m+fp/hard/libc_nano.a(lib_a-init.o)
 .debug_frame   0x00000000000035e0       0x20 /Applications/STM32CubeIDE.app/Contents/Eclipse/plugins/com.st.stm32cube.ide.mcu.externaltools.gnu-tools-for-stm32.10.3-2021.10.macos64_1.0.0.202111181127/tools/bin/../lib/gcc/arm-none-eabi/10.3.1/../../../../arm-none-eabi/lib/thumb/v7e-m+fp/hard/libc_nano.a(lib_a-memset.o)
 .debug_frame   0x0000000000003600       0x2c /Applications/STM32CubeIDE.app/Contents/Eclipse/plugins/com.st.stm32cube.ide.mcu.externaltools.gnu-tools-for-stm32.10.3-2021.10.macos64_1.0.0.202111181127/tools/bin/../lib/gcc/arm-none-eabi/10.3.1/thumb/v7e-m+fp/hard/libgcc.a(_aeabi_uldivmod.o)
 .debug_frame   0x000000000000362c       0x34 /Applications/STM32CubeIDE.app/Contents/Eclipse/plugins/com.st.stm32cube.ide.mcu.externaltools.gnu-tools-for-stm32.10.3-2021.10.macos64_1.0.0.202111181127/tools/bin/../lib/gcc/arm-none-eabi/10.3.1/thumb/v7e-m+fp/hard/libgcc.a(_udivmoddi4.o)
