../Core/Src/LCD.c:16:6:lcd_send_cmd	32	static
../Core/Src/LCD.c:30:6:lcd_send_data	32	static
../Core/Src/LCD.c:43:6:lcd_clear	16	static
../Core/Src/LCD.c:52:6:lcd_init	8	static
../Core/Src/LCD.c:78:6:lcd_send_string	24	static
../Core/Src/LCD.c:87:6:Clear_LCD	8	static
../Core/Src/LCD.c:97:6:LCD_Select_Line	16	static
../Core/Src/LCD.c:119:6:LCD_Set_Cursor	16	static
../Core/Src/LCD.c:149:6:LCD_Set_DDRAM_Address	16	static
../Core/Src/LCD.c:159:6:LCD_Send_Middle_Aligned_String	48	static
../Core/Src/LCD.c:180:6:LCD_Send_Error_Message	32	static
